NMRfilter startup log - 28/09/2026 11:18:35,64
Conda: C:\Users\borge\miniconda3\Scripts\conda.exe
conda 25.11.0

# conda environments:
#
# * -> active
# + -> frozen
base                     C:\Users\borge\miniconda3
batman_env               C:\Users\borge\miniconda3\envs\batman_env
nmrfilter                C:\Users\borge\miniconda3\envs\nmrfilter
photo2struct_rdkit       C:\Users\borge\miniconda3\envs\photo2struct_rdkit

Requirement already satisfied: pip in C:\Users\borge\miniconda3\envs\nmrfilter\Lib\site-packages (26.2.1)

Requirement already satisfied: streamlit<2,>=1.40 in C:\Users\borge\miniconda3\envs\nmrfilter\Lib\site-packages (from -r C:\Users\borge\Documents\NMRfilter\nmrfilter-streamlit\requirements.txt (line 3)) (1.64.0)
Requirement already satisfied: numpy<2.3,>=1.26 in C:\Users\borge\miniconda3\envs\nmrfilter\Lib\site-packages (from -r C:\Users\borge\Documents\NMRfilter\nmrfilter-streamlit\requirements.txt (line 4)) (2.2.6)
Requirement already satisfied: scipy<2,>=1.11 in C:\Users\borge\miniconda3\envs\nmrfilter\Lib\site-packages (from -r C:\Users\borge\Documents\NMRfilter\nmrfilter-streamlit\requirements.txt (line 5)) (1.17.1)
Requirement already satisfied: pandas<3,>=2.0 in C:\Users\borge\miniconda3\envs\nmrfilter\Lib\site-packages (from -r C:\Users\borge\Documents\NMRfilter\nmrfilter-streamlit\requirements.txt (line 6)) (2.3.3)
Requirement already satisfied: rdkit>=2023.9 in C:\Users\borge\miniconda3\envs\nmrfilter\Lib\site-packages (from -r C:\Users\borge\Documents\NMRfilter\nmrfilter-streamlit\requirements.txt (line 7)) (2026.3.6)
Requirement already satisfied: click>=8 in C:\Users\borge\miniconda3\envs\nmrfilter\Lib\site-packages (from -r C:\Users\borge\Documents\NMRfilter\nmrfilter-streamlit\requirements.txt (line 8)) (8.5.0)
Requirement already satisfied: cirpy>=1.0 in C:\Users\borge\miniconda3\envs\nmrfilter\Lib\site-packages (from -r C:\Users\borge\Documents\NMRfilter\nmrfilter-streamlit\requirements.txt (line 9)) (1.0.2)
Requirement already satisfied: scikit-learn<2,>=1.3 in C:\Users\borge\miniconda3\envs\nmrfilter\Lib\site-packages (from -r C:\Users\borge\Documents\NMRfilter\nmrfilter-streamlit\requirements.txt (line 10)) (1.9.1)
Requirement already satisfied: matplotlib<4,>=3.7 in C:\Users\borge\miniconda3\envs\nmrfilter\Lib\site-packages (from -r C:\Users\borge\Documents\NMRfilter\nmrfilter-streamlit\requirements.txt (line 11)) (3.11.2)
Requirement already satisfied: python-igraph==0.11.9 in C:\Users\borge\miniconda3\envs\nmrfilter\Lib\site-packages (from -r C:\Users\borge\Documents\NMRfilter\nmrfilter-streamlit\requirements.txt (line 12)) (0.11.9)
Requirement already satisfied: leidenalg<0.11,>=0.10.2 in C:\Users\borge\miniconda3\envs\nmrfilter\Lib\site-packages (from -r C:\Users\borge\Documents\NMRfilter\nmrfilter-streamlit\requirements.txt (line 13)) (0.10.2)
Requirement already satisfied: pubchempy>=1.0.4 in C:\Users\borge\miniconda3\envs\nmrfilter\Lib\site-packages (from -r C:\Users\borge\Documents\NMRfilter\nmrfilter-streamlit\requirements.txt (line 14)) (1.0.5)
Requirement already satisfied: numba>=0.59 in C:\Users\borge\miniconda3\envs\nmrfilter\Lib\site-packages (from -r C:\Users\borge\Documents\NMRfilter\nmrfilter-streamlit\requirements.txt (line 15)) (0.67.0)
Requirement already satisfied: torch>=2.1 in C:\Users\borge\miniconda3\envs\nmrfilter\Lib\site-packages (from -r C:\Users\borge\Documents\NMRfilter\nmrfilter-streamlit\requirements.txt (line 16)) (2.14.0)
Requirement already satisfied: tqdm>=4.66 in C:\Users\borge\miniconda3\envs\nmrfilter\Lib\site-packages (from -r C:\Users\borge\Documents\NMRfilter\nmrfilter-streamlit\requirements.txt (line 17)) (4.70.1)
Requirement already satisfied: pillow>=10 in C:\Users\borge\miniconda3\envs\nmrfilter\Lib\site-packages (from -r C:\Users\borge\Documents\NMRfilter\nmrfilter-streamlit\requirements.txt (line 18)) (12.3.0)
Requirement already satisfied: nmrglue>=0.10 in C:\Users\borge\miniconda3\envs\nmrfilter\Lib\site-packages (from -r C:\Users\borge\Documents\NMRfilter\nmrfilter-streamlit\requirements.txt (line 19)) (0.12)
Requirement already satisfied: textalloc>=0.1.5 in C:\Users\borge\miniconda3\envs\nmrfilter\Lib\site-packages (from -r C:\Users\borge\Documents\NMRfilter\nmrfilter-streamlit\requirements.txt (line 20)) (1.2.4)
Requirement already satisfied: plotly<7,>=5.24 in C:\Users\borge\miniconda3\envs\nmrfilter\Lib\site-packages (from -r C:\Users\borge\Documents\NMRfilter\nmrfilter-streamlit\requirements.txt (line 22)) (6.9.0)
Requirement already satisfied: igraph==0.11.9 in C:\Users\borge\miniconda3\envs\nmrfilter\Lib\site-packages (from python-igraph==0.11.9->-r C:\Users\borge\Documents\NMRfilter\nmrfilter-streamlit\requirements.txt (line 12)) (0.11.9)
Requirement already satisfied: texttable>=1.6.2 in C:\Users\borge\miniconda3\envs\nmrfilter\Lib\site-packages (from igraph==0.11.9->python-igraph==0.11.9->-r C:\Users\borge\Documents\NMRfilter\nmrfilter-streamlit\requirements.txt (line 12)) (1.7.0)
Requirement already satisfied: altair!=5.4.0,!=5.4.1,<7,>=5.0.0 in C:\Users\borge\miniconda3\envs\nmrfilter\Lib\site-packages (from streamlit<2,>=1.40->-r C:\Users\borge\Documents\NMRfilter\nmrfilter-streamlit\requirements.txt (line 3)) (6.3.0)
Requirement already satisfied: packaging>=20 in C:\Users\borge\miniconda3\envs\nmrfilter\Lib\site-packages (from streamlit<2,>=1.40->-r C:\Users\borge\Documents\NMRfilter\nmrfilter-streamlit\requirements.txt (line 3)) (26.3)
Requirement already satisfied: pydeck<1,>=0.8.0b4 in C:\Users\borge\miniconda3\envs\nmrfilter\Lib\site-packages (from streamlit<2,>=1.40->-r C:\Users\borge\Documents\NMRfilter\nmrfilter-streamlit\requirements.txt (line 3)) (0.9.3)
Requirement already satisfied: protobuf<8,>=5.26.1 in C:\Users\borge\miniconda3\envs\nmrfilter\Lib\site-packages (from streamlit<2,>=1.40->-r C:\Users\borge\Documents\NMRfilter\nmrfilter-streamlit\requirements.txt (line 3)) (7.36.2)
Requirement already satisfied: pyarrow!=25.0.0,<26,>=7.0 in C:\Users\borge\miniconda3\envs\nmrfilter\Lib\site-packages (from streamlit<2,>=1.40->-r C:\Users\borge\Documents\NMRfilter\nmrfilter-streamlit\requirements.txt (line 3)) (25.0.1)
Requirement already satisfied: requests<3,>=2.27 in C:\Users\borge\miniconda3\envs\nmrfilter\Lib\site-packages (from streamlit<2,>=1.40->-r C:\Users\borge\Documents\NMRfilter\nmrfilter-streamlit\requirements.txt (line 3)) (2.34.2)
Requirement already satisfied: toml<2,>=0.10.1 in C:\Users\borge\miniconda3\envs\nmrfilter\Lib\site-packages (from streamlit<2,>=1.40->-r C:\Users\borge\Documents\NMRfilter\nmrfilter-streamlit\requirements.txt (line 3)) (0.10.2)
Requirement already satisfied: typing-extensions<5,>=4.10.0 in C:\Users\borge\miniconda3\envs\nmrfilter\Lib\site-packages (from streamlit<2,>=1.40->-r C:\Users\borge\Documents\NMRfilter\nmrfilter-streamlit\requirements.txt (line 3)) (4.16.0)
Requirement already satisfied: starlette<2,>=0.46.0 in C:\Users\borge\miniconda3\envs\nmrfilter\Lib\site-packages (from streamlit<2,>=1.40->-r C:\Users\borge\Documents\NMRfilter\nmrfilter-streamlit\requirements.txt (line 3)) (1.7.0)
Requirement already satisfied: uvicorn<1,>=0.30.0 in C:\Users\borge\miniconda3\envs\nmrfilter\Lib\site-packages (from streamlit<2,>=1.40->-r C:\Users\borge\Documents\NMRfilter\nmrfilter-streamlit\requirements.txt (line 3)) (0.54.0)
Requirement already satisfied: httptools<1,>=0.6.3 in C:\Users\borge\miniconda3\envs\nmrfilter\Lib\site-packages (from streamlit<2,>=1.40->-r C:\Users\borge\Documents\NMRfilter\nmrfilter-streamlit\requirements.txt (line 3)) (0.8.0)
Requirement already satisfied: anyio<5,>=4.0.0 in C:\Users\borge\miniconda3\envs\nmrfilter\Lib\site-packages (from streamlit<2,>=1.40->-r C:\Users\borge\Documents\NMRfilter\nmrfilter-streamlit\requirements.txt (line 3)) (4.15.1)
Requirement already satisfied: python-multipart<1,>=0.0.10 in C:\Users\borge\miniconda3\envs\nmrfilter\Lib\site-packages (from streamlit<2,>=1.40->-r C:\Users\borge\Documents\NMRfilter\nmrfilter-streamlit\requirements.txt (line 3)) (0.0.32)
Requirement already satisfied: websockets<17,>=12.0.0 in C:\Users\borge\miniconda3\envs\nmrfilter\Lib\site-packages (from streamlit<2,>=1.40->-r C:\Users\borge\Documents\NMRfilter\nmrfilter-streamlit\requirements.txt (line 3)) (16.1.1)
Requirement already satisfied: itsdangerous<3,>=2.1.2 in C:\Users\borge\miniconda3\envs\nmrfilter\Lib\site-packages (from streamlit<2,>=1.40->-r C:\Users\borge\Documents\NMRfilter\nmrfilter-streamlit\requirements.txt (line 3)) (2.2.0)
Requirement already satisfied: watchdog<7,>=2.1.5 in C:\Users\borge\miniconda3\envs\nmrfilter\Lib\site-packages (from streamlit<2,>=1.40->-r C:\Users\borge\Documents\NMRfilter\nmrfilter-streamlit\requirements.txt (line 3)) (6.0.0)
Requirement already satisfied: python-dateutil>=2.8.2 in C:\Users\borge\miniconda3\envs\nmrfilter\Lib\site-packages (from pandas<3,>=2.0->-r C:\Users\borge\Documents\NMRfilter\nmrfilter-streamlit\requirements.txt (line 6)) (2.9.0.post0)
Requirement already satisfied: pytz>=2020.1 in C:\Users\borge\miniconda3\envs\nmrfilter\Lib\site-packages (from pandas<3,>=2.0->-r C:\Users\borge\Documents\NMRfilter\nmrfilter-streamlit\requirements.txt (line 6)) (2026.4)
Requirement already satisfied: tzdata>=2022.7 in C:\Users\borge\miniconda3\envs\nmrfilter\Lib\site-packages (from pandas<3,>=2.0->-r C:\Users\borge\Documents\NMRfilter\nmrfilter-streamlit\requirements.txt (line 6)) (2026.4)
Requirement already satisfied: joblib>=1.4.0 in C:\Users\borge\miniconda3\envs\nmrfilter\Lib\site-packages (from scikit-learn<2,>=1.3->-r C:\Users\borge\Documents\NMRfilter\nmrfilter-streamlit\requirements.txt (line 10)) (1.6.0)
Requirement already satisfied: narwhals>=2.0.1 in C:\Users\borge\miniconda3\envs\nmrfilter\Lib\site-packages (from scikit-learn<2,>=1.3->-r C:\Users\borge\Documents\NMRfilter\nmrfilter-streamlit\requirements.txt (line 10)) (2.26.0)
Requirement already satisfied: threadpoolctl>=3.5.0 in C:\Users\borge\miniconda3\envs\nmrfilter\Lib\site-packages (from scikit-learn<2,>=1.3->-r C:\Users\borge\Documents\NMRfilter\nmrfilter-streamlit\requirements.txt (line 10)) (3.7.0)
Requirement already satisfied: contourpy>=1.0.1 in C:\Users\borge\miniconda3\envs\nmrfilter\Lib\site-packages (from matplotlib<4,>=3.7->-r C:\Users\borge\Documents\NMRfilter\nmrfilter-streamlit\requirements.txt (line 11)) (1.3.3)
Requirement already satisfied: cycler>=0.10 in C:\Users\borge\miniconda3\envs\nmrfilter\Lib\site-packages (from matplotlib<4,>=3.7->-r C:\Users\borge\Documents\NMRfilter\nmrfilter-streamlit\requirements.txt (line 11)) (0.12.1)
Requirement already satisfied: fonttools>=4.28.2 in C:\Users\borge\miniconda3\envs\nmrfilter\Lib\site-packages (from matplotlib<4,>=3.7->-r C:\Users\borge\Documents\NMRfilter\nmrfilter-streamlit\requirements.txt (line 11)) (4.66.0)
Requirement already satisfied: kiwisolver>=1.3.1 in C:\Users\borge\miniconda3\envs\nmrfilter\Lib\site-packages (from matplotlib<4,>=3.7->-r C:\Users\borge\Documents\NMRfilter\nmrfilter-streamlit\requirements.txt (line 11)) (1.5.1)
Requirement already satisfied: pyparsing>=3 in C:\Users\borge\miniconda3\envs\nmrfilter\Lib\site-packages (from matplotlib<4,>=3.7->-r C:\Users\borge\Documents\NMRfilter\nmrfilter-streamlit\requirements.txt (line 11)) (3.3.3)
Requirement already satisfied: jinja2 in C:\Users\borge\miniconda3\envs\nmrfilter\Lib\site-packages (from altair!=5.4.0,!=5.4.1,<7,>=5.0.0->streamlit<2,>=1.40->-r C:\Users\borge\Documents\NMRfilter\nmrfilter-streamlit\requirements.txt (line 3)) (3.1.6)
Requirement already satisfied: jsonschema>=3.0 in C:\Users\borge\miniconda3\envs\nmrfilter\Lib\site-packages (from altair!=5.4.0,!=5.4.1,<7,>=5.0.0->streamlit<2,>=1.40->-r C:\Users\borge\Documents\NMRfilter\nmrfilter-streamlit\requirements.txt (line 3)) (4.26.0)
Requirement already satisfied: idna>=2.8 in C:\Users\borge\miniconda3\envs\nmrfilter\Lib\site-packages (from anyio<5,>=4.0.0->streamlit<2,>=1.40->-r C:\Users\borge\Documents\NMRfilter\nmrfilter-streamlit\requirements.txt (line 3)) (3.20)
Requirement already satisfied: charset_normalizer<4,>=2 in C:\Users\borge\miniconda3\envs\nmrfilter\Lib\site-packages (from requests<3,>=2.27->streamlit<2,>=1.40->-r C:\Users\borge\Documents\NMRfilter\nmrfilter-streamlit\requirements.txt (line 3)) (3.5.1)
Requirement already satisfied: urllib3<3,>=1.26 in C:\Users\borge\miniconda3\envs\nmrfilter\Lib\site-packages (from requests<3,>=2.27->streamlit<2,>=1.40->-r C:\Users\borge\Documents\NMRfilter\nmrfilter-streamlit\requirements.txt (line 3)) (2.8.0)
Requirement already satisfied: certifi>=2023.5.7 in C:\Users\borge\miniconda3\envs\nmrfilter\Lib\site-packages (from requests<3,>=2.27->streamlit<2,>=1.40->-r C:\Users\borge\Documents\NMRfilter\nmrfilter-streamlit\requirements.txt (line 3)) (2026.7.22)
Requirement already satisfied: h11>=0.8 in C:\Users\borge\miniconda3\envs\nmrfilter\Lib\site-packages (from uvicorn<1,>=0.30.0->streamlit<2,>=1.40->-r C:\Users\borge\Documents\NMRfilter\nmrfilter-streamlit\requirements.txt (line 3)) (0.16.0)
Requirement already satisfied: llvmlite<0.50,>=0.49.0dev0 in C:\Users\borge\miniconda3\envs\nmrfilter\Lib\site-packages (from numba>=0.59->-r C:\Users\borge\Documents\NMRfilter\nmrfilter-streamlit\requirements.txt (line 15)) (0.49.0)
Requirement already satisfied: filelock in C:\Users\borge\miniconda3\envs\nmrfilter\Lib\site-packages (from torch>=2.1->-r C:\Users\borge\Documents\NMRfilter\nmrfilter-streamlit\requirements.txt (line 16)) (4.0.4)
Requirement already satisfied: setuptools>=77.0.3 in C:\Users\borge\miniconda3\envs\nmrfilter\Lib\site-packages (from torch>=2.1->-r C:\Users\borge\Documents\NMRfilter\nmrfilter-streamlit\requirements.txt (line 16)) (84.0.0)
Requirement already satisfied: sympy>=1.13.3 in C:\Users\borge\miniconda3\envs\nmrfilter\Lib\site-packages (from torch>=2.1->-r C:\Users\borge\Documents\NMRfilter\nmrfilter-streamlit\requirements.txt (line 16)) (1.14.0)
Requirement already satisfied: networkx>=2.5.1 in C:\Users\borge\miniconda3\envs\nmrfilter\Lib\site-packages (from torch>=2.1->-r C:\Users\borge\Documents\NMRfilter\nmrfilter-streamlit\requirements.txt (line 16)) (3.6.1)
Requirement already satisfied: fsspec>=0.8.5 in C:\Users\borge\miniconda3\envs\nmrfilter\Lib\site-packages (from torch>=2.1->-r C:\Users\borge\Documents\NMRfilter\nmrfilter-streamlit\requirements.txt (line 16)) (2026.9.0)
Requirement already satisfied: colorama in C:\Users\borge\miniconda3\envs\nmrfilter\Lib\site-packages (from tqdm>=4.66->-r C:\Users\borge\Documents\NMRfilter\nmrfilter-streamlit\requirements.txt (line 17)) (0.4.6)
Requirement already satisfied: MarkupSafe>=2.0 in C:\Users\borge\miniconda3\envs\nmrfilter\Lib\site-packages (from jinja2->altair!=5.4.0,!=5.4.1,<7,>=5.0.0->streamlit<2,>=1.40->-r C:\Users\borge\Documents\NMRfilter\nmrfilter-streamlit\requirements.txt (line 3)) (3.0.3)
Requirement already satisfied: cloudpickle>=3.0 in C:\Users\borge\miniconda3\envs\nmrfilter\Lib\site-packages (from joblib>=1.4.0->scikit-learn<2,>=1.3->-r C:\Users\borge\Documents\NMRfilter\nmrfilter-streamlit\requirements.txt (line 10)) (3.1.2)
Requirement already satisfied: attrs>=22.2.0 in C:\Users\borge\miniconda3\envs\nmrfilter\Lib\site-packages (from jsonschema>=3.0->altair!=5.4.0,!=5.4.1,<7,>=5.0.0->streamlit<2,>=1.40->-r C:\Users\borge\Documents\NMRfilter\nmrfilter-streamlit\requirements.txt (line 3)) (26.1.0)
Requirement already satisfied: jsonschema-specifications>=2023.03.6 in C:\Users\borge\miniconda3\envs\nmrfilter\Lib\site-packages (from jsonschema>=3.0->altair!=5.4.0,!=5.4.1,<7,>=5.0.0->streamlit<2,>=1.40->-r C:\Users\borge\Documents\NMRfilter\nmrfilter-streamlit\requirements.txt (line 3)) (2025.9.1)
Requirement already satisfied: referencing>=0.28.4 in C:\Users\borge\miniconda3\envs\nmrfilter\Lib\site-packages (from jsonschema>=3.0->altair!=5.4.0,!=5.4.1,<7,>=5.0.0->streamlit<2,>=1.40->-r C:\Users\borge\Documents\NMRfilter\nmrfilter-streamlit\requirements.txt (line 3)) (0.37.0)
Requirement already satisfied: rpds-py>=0.25.0 in C:\Users\borge\miniconda3\envs\nmrfilter\Lib\site-packages (from jsonschema>=3.0->altair!=5.4.0,!=5.4.1,<7,>=5.0.0->streamlit<2,>=1.40->-r C:\Users\borge\Documents\NMRfilter\nmrfilter-streamlit\requirements.txt (line 3)) (2026.6.3)
Requirement already satisfied: six>=1.5 in C:\Users\borge\miniconda3\envs\nmrfilter\Lib\site-packages (from python-dateutil>=2.8.2->pandas<3,>=2.0->-r C:\Users\borge\Documents\NMRfilter\nmrfilter-streamlit\requirements.txt (line 6)) (1.17.0)
Requirement already satisfied: mpmath<1.4,>=1.1.0 in C:\Users\borge\miniconda3\envs\nmrfilter\Lib\site-packages (from sympy>=1.13.3->torch>=2.1->-r C:\Users\borge\Documents\NMRfilter\nmrfilter-streamlit\requirements.txt (line 16)) (1.3.0)

C:\Users\borge\miniconda3\envs\nmrfilter\python.exe
igraph 0.11.9
leidenalg OK
streamlit 1.64.0

openjdk version "17.0.18" 2026-01-20 LTS
OpenJDK Runtime Environment Zulu17.64+17-CA (build 17.0.18+8-LTS)
OpenJDK 64-Bit Server VM Zulu17.64+17-CA (build 17.0.18+8-LTS, mixed mode, sharing)

APP=C:\Users\borge\Documents\NMRfilter\nmrfilter-streamlit\app.py
URL=http://127.0.0.1:8517
